TAP version 13
# Subtest: unknown properties must not disappear silently
ok 1 - unknown properties must not disappear silently
  ---
  duration_ms: 1.108452
  type: 'test'
  ...
# Subtest: maximum 128 layers round-trip
not ok 2 - maximum 128 layers round-trip
  ---
  duration_ms: 15.978496
  type: 'test'
  location: '/home/runner/work/pfx-shadow-studio/pfx-shadow-studio/test/boundary.test.js:11:1'
  failureType: 'testCodeFailure'
  error: |-
    Expected values to be strictly deep-equal:
    + actual - expected
    ... Skipped lines
    
      {
        kind: 'box',
        layers: [
          {
            alpha: 0.2,
    ...
            x: 0,
    +       y: 0
    -       y: -0
          },
          {
            alpha: 0.2,
            blur: 0.5,
            color: '#000000',
    
  code: 'ERR_ASSERTION'
  name: 'AssertionError'
  expected:
    kind: 'box'
    layers:
      0:
        x: 0
        y: -0
        blur: 0
        spread: 0
        color: '#000000'
        alpha: 0.2
        inset: false
        enabled: true
      1:
        x: 1
        y: -1
        blur: 0.5
        spread: 0
        color: '#000000'
        alpha: 0.2
        inset: false
        enabled: true
      2:
        x: 2
        y: -2
        blur: 1
        spread: 0
        color: '#000000'
        alpha: 0.2
        inset: false
        enabled: true
      3:
        x: 3
        y: -3
        blur: 1.5
        spread: 0
        color: '#000000'
        alpha: 0.2
        inset: false
        enabled: true
      4:
        x: 4
        y: -4
        blur: 2
        spread: 0
        color: '#000000'
        alpha: 0.2
        inset: false
        enabled: true
      5:
        x: 5
        y: -5
        blur: 2.5
        spread: 0
        color: '#000000'
        alpha: 0.2
        inset: false
        enabled: true
      6:
        x: 6
        y: -6
        blur: 3
        spread: 0
        color: '#000000'
        alpha: 0.2
        inset: false
        enabled: true
      7:
        x: 7
        y: -7
        blur: 3.5
        spread: 0
        color: '#000000'
        alpha: 0.2
        inset: false
        enabled: true
      8:
        x: 8
        y: -8
        blur: 4
        spread: 0
        color: '#000000'
        alpha: 0.2
        inset: false
        enabled: true
      9:
        x: 9
        y: -9
        blur: 4.5
        spread: 0
        color: '#000000'
        alpha: 0.2
        inset: false
        enabled: true
      10:
        x: 10
        y: -10
        blur: 5
        spread: 0
        color: '#000000'
        alpha: 0.2
        inset: false
        enabled: true
      11:
        x: 11
        y: -11
        blur: 5.5
        spread: 0
        color: '#000000'
        alpha: 0.2
        inset: false
        enabled: true
      12:
        x: 12
        y: -12
        blur: 6
        spread: 0
        color: '#000000'
        alpha: 0.2
        inset: false
        enabled: true
      13:
        x: 13
        y: -13
        blur: 6.5
        spread: 0
        color: '#000000'
        alpha: 0.2
        inset: false
        enabled: true
      14:
        x: 14
        y: -14
        blur: 7
        spread: 0
        color: '#000000'
        alpha: 0.2
        inset: false
        enabled: true
      15:
        x: 15
        y: -15
        blur: 7.5
        spread: 0
        color: '#000000'
        alpha: 0.2
        inset: false
        enabled: true
      16:
        x: 16
        y: -16
        blur: 8
        spread: 0
        color: '#000000'
        alpha: 0.2
        inset: false
        enabled: true
      17:
        x: 17
        y: -17
        blur: 8.5
        spread: 0
        color: '#000000'
        alpha: 0.2
        inset: false
        enabled: true
      18:
        x: 18
        y: -18
        blur: 9
        spread: 0
        color: '#000000'
        alpha: 0.2
        inset: false
        enabled: true
      19:
        x: 19
        y: -19
        blur: 9.5
        spread: 0
        color: '#000000'
        alpha: 0.2
        inset: false
        enabled: true
      20:
        x: 20
        y: -20
        blur: 10
        spread: 0
        color: '#000000'
        alpha: 0.2
        inset: false
        enabled: true
      21:
        x: 21
        y: -21
        blur: 10.5
        spread: 0
        color: '#000000'
        alpha: 0.2
        inset: false
        enabled: true
      22:
        x: 22
        y: -22
        blur: 11
        spread: 0
        color: '#000000'
        alpha: 0.2
        inset: false
        enabled: true
      23:
        x: 23
        y: -23
        blur: 11.5
        spread: 0
        color: '#000000'
        alpha: 0.2
        inset: false
        enabled: true
      24:
        x: 24
        y: -24
        blur: 12
        spread: 0
        color: '#000000'
        alpha: 0.2
        inset: false
        enabled: true
      25:
        x: 25
        y: -25
        blur: 12.5
        spread: 0
        color: '#000000'
        alpha: 0.2
        inset: false
        enabled: true
      26:
        x: 26
        y: -26
        blur: 13
        spread: 0
        color: '#000000'
        alpha: 0.2
        inset: false
        enabled: true
      27:
        x: 27
        y: -27
        blur: 13.5
        spread: 0
        color: '#000000'
        alpha: 0.2
        inset: false
        enabled: true
      28:
        x: 28
        y: -28
        blur: 14
        spread: 0
        color: '#000000'
        alpha: 0.2
        inset: false
        enabled: true
      29:
        x: 29
        y: -29
        blur: 14.5
        spread: 0
        color: '#000000'
        alpha: 0.2
        inset: false
        enabled: true
      30:
        x: 30
        y: -30
        blur: 15
        spread: 0
        color: '#000000'
        alpha: 0.2
        inset: false
        enabled: true
      31:
        x: 31
        y: -31
        blur: 15.5
        spread: 0
        color: '#000000'
        alpha: 0.2
        inset: false
        enabled: true
      32:
        x: 32
        y: -32
        blur: 16
        spread: 0
        color: '#000000'
        alpha: 0.2
        inset: false
        enabled: true
      33:
        x: 33
        y: -33
        blur: 16.5
        spread: 0
        color: '#000000'
        alpha: 0.2
        inset: false
        enabled: true
      34:
        x: 34
        y: -34
        blur: 17
        spread: 0
        color: '#000000'
        alpha: 0.2
        inset: false
        enabled: true
      35:
        x: 35
        y: -35
        blur: 17.5
        spread: 0
        color: '#000000'
        alpha: 0.2
        inset: false
        enabled: true
      36:
        x: 36
        y: -36
        blur: 18
        spread: 0
        color: '#000000'
        alpha: 0.2
        inset: false
        enabled: true
      37:
        x: 37
        y: -37
        blur: 18.5
        spread: 0
        color: '#000000'
        alpha: 0.2
        inset: false
        enabled: true
      38:
        x: 38
        y: -38
        blur: 19
        spread: 0
        color: '#000000'
        alpha: 0.2
        inset: false
        enabled: true
      39:
        x: 39
        y: -39
        blur: 19.5
        spread: 0
        color: '#000000'
        alpha: 0.2
        inset: false
        enabled: true
      40:
        x: 40
        y: -40
        blur: 20
        spread: 0
        color: '#000000'
        alpha: 0.2
        inset: false
        enabled: true
      41:
        x: 41
        y: -41
        blur: 20.5
        spread: 0
        color: '#000000'
        alpha: 0.2
        inset: false
        enabled: true
      42:
        x: 42
        y: -42
        blur: 21
        spread: 0
        color: '#000000'
        alpha: 0.2
        inset: false
        enabled: true
      43:
        x: 43
        y: -43
        blur: 21.5
        spread: 0
        color: '#000000'
        alpha: 0.2
        inset: false
        enabled: true
      44:
        x: 44
        y: -44
        blur: 22
        spread: 0
        color: '#000000'
        alpha: 0.2
        inset: false
        enabled: true
      45:
        x: 45
        y: -45
        blur: 22.5
        spread: 0
        color: '#000000'
        alpha: 0.2
        inset: false
        enabled: true
      46:
        x: 46
        y: -46
        blur: 23
        spread: 0
        color: '#000000'
        alpha: 0.2
        inset: false
        enabled: true
      47:
        x: 47
        y: -47
        blur: 23.5
        spread: 0
        color: '#000000'
        alpha: 0.2
        inset: false
        enabled: true
      48:
        x: 48
        y: -48
        blur: 24
        spread: 0
        color: '#000000'
        alpha: 0.2
        inset: false
        enabled: true
      49:
        x: 49
        y: -49
        blur: 24.5
        spread: 0
        color: '#000000'
        alpha: 0.2
        inset: false
        enabled: true
      50:
        x: 50
        y: -50
        blur: 25
        spread: 0
        color: '#000000'
        alpha: 0.2
        inset: false
        enabled: true
      51:
        x: 51
        y: -51
        blur: 25.5
        spread: 0
        color: '#000000'
        alpha: 0.2
        inset: false
        enabled: true
      52:
        x: 52
        y: -52
        blur: 26
        spread: 0
        color: '#000000'
        alpha: 0.2
        inset: false
        enabled: true
      53:
        x: 53
        y: -53
        blur: 26.5
        spread: 0
        color: '#000000'
        alpha: 0.2
        inset: false
        enabled: true
      54:
        x: 54
        y: -54
        blur: 27
        spread: 0
        color: '#000000'
        alpha: 0.2
        inset: false
        enabled: true
      55:
        x: 55
        y: -55
        blur: 27.5
        spread: 0
        color: '#000000'
        alpha: 0.2
        inset: false
        enabled: true
      56:
        x: 56
        y: -56
        blur: 28
        spread: 0
        color: '#000000'
        alpha: 0.2
        inset: false
        enabled: true
      57:
        x: 57
        y: -57
        blur: 28.5
        spread: 0
        color: '#000000'
        alpha: 0.2
        inset: false
        enabled: true
      58:
        x: 58
        y: -58
        blur: 29
        spread: 0
        color: '#000000'
        alpha: 0.2
        inset: false
        enabled: true
      59:
        x: 59
        y: -59
        blur: 29.5
        spread: 0
        color: '#000000'
        alpha: 0.2
        inset: false
        enabled: true
      60:
        x: 60
        y: -60
        blur: 30
        spread: 0
        color: '#000000'
        alpha: 0.2
        inset: false
        enabled: true
      61:
        x: 61
        y: -61
        blur: 30.5
        spread: 0
        color: '#000000'
        alpha: 0.2
        inset: false
        enabled: true
      62:
        x: 62
        y: -62
        blur: 31
        spread: 0
        color: '#000000'
        alpha: 0.2
        inset: false
        enabled: true
      63:
        x: 63
        y: -63
        blur: 31.5
        spread: 0
        color: '#000000'
        alpha: 0.2
        inset: false
        enabled: true
      64:
        x: 64
        y: -64
        blur: 32
        spread: 0
        color: '#000000'
        alpha: 0.2
        inset: false
        enabled: true
      65:
        x: 65
        y: -65
        blur: 32.5
        spread: 0
        color: '#000000'
        alpha: 0.2
        inset: false
        enabled: true
      66:
        x: 66
        y: -66
        blur: 33
        spread: 0
        color: '#000000'
        alpha: 0.2
        inset: false
        enabled: true
      67:
        x: 67
        y: -67
        blur: 33.5
        spread: 0
        color: '#000000'
        alpha: 0.2
        inset: false
        enabled: true
      68:
        x: 68
        y: -68
        blur: 34
        spread: 0
        color: '#000000'
        alpha: 0.2
        inset: false
        enabled: true
      69:
        x: 69
        y: -69
        blur: 34.5
        spread: 0
        color: '#000000'
        alpha: 0.2
        inset: false
        enabled: true
      70:
        x: 70
        y: -70
        blur: 35
        spread: 0
        color: '#000000'
        alpha: 0.2
        inset: false
        enabled: true
      71:
        x: 71
        y: -71
        blur: 35.5
        spread: 0
        color: '#000000'
        alpha: 0.2
        inset: false
        enabled: true
      72:
        x: 72
        y: -72
        blur: 36
        spread: 0
        color: '#000000'
        alpha: 0.2
        inset: false
        enabled: true
      73:
        x: 73
        y: -73
        blur: 36.5
        spread: 0
        color: '#000000'
        alpha: 0.2
        inset: false
        enabled: true
      74:
        x: 74
        y: -74
        blur: 37
        spread: 0
        color: '#000000'
        alpha: 0.2
        inset: false
        enabled: true
      75:
        x: 75
        y: -75
        blur: 37.5
        spread: 0
        color: '#000000'
        alpha: 0.2
        inset: false
        enabled: true
      76:
        x: 76
        y: -76
        blur: 38
        spread: 0
        color: '#000000'
        alpha: 0.2
        inset: false
        enabled: true
      77:
        x: 77
        y: -77
        blur: 38.5
        spread: 0
        color: '#000000'
        alpha: 0.2
        inset: false
        enabled: true
      78:
        x: 78
        y: -78
        blur: 39
        spread: 0
        color: '#000000'
        alpha: 0.2
        inset: false
        enabled: true
      79:
        x: 79
        y: -79
        blur: 39.5
        spread: 0
        color: '#000000'
        alpha: 0.2
        inset: false
        enabled: true
      80:
        x: 80
        y: -80
        blur: 40
        spread: 0
        color: '#000000'
        alpha: 0.2
        inset: false
        enabled: true
      81:
        x: 81
        y: -81
        blur: 40.5
        spread: 0
        color: '#000000'
        alpha: 0.2
        inset: false
        enabled: true
      82:
        x: 82
        y: -82
        blur: 41
        spread: 0
        color: '#000000'
        alpha: 0.2
        inset: false
        enabled: true
      83:
        x: 83
        y: -83
        blur: 41.5
        spread: 0
        color: '#000000'
        alpha: 0.2
        inset: false
        enabled: true
      84:
        x: 84
        y: -84
        blur: 42
        spread: 0
        color: '#000000'
        alpha: 0.2
        inset: false
        enabled: true
      85:
        x: 85
        y: -85
        blur: 42.5
        spread: 0
        color: '#000000'
        alpha: 0.2
        inset: false
        enabled: true
      86:
        x: 86
        y: -86
        blur: 43
        spread: 0
        color: '#000000'
        alpha: 0.2
        inset: false
        enabled: true
      87:
        x: 87
        y: -87
        blur: 43.5
        spread: 0
        color: '#000000'
        alpha: 0.2
        inset: false
        enabled: true
      88:
        x: 88
        y: -88
        blur: 44
        spread: 0
        color: '#000000'
        alpha: 0.2
        inset: false
        enabled: true
      89:
        x: 89
        y: -89
        blur: 44.5
        spread: 0
        color: '#000000'
        alpha: 0.2
        inset: false
        enabled: true
      90:
        x: 90
        y: -90
        blur: 45
        spread: 0
        color: '#000000'
        alpha: 0.2
        inset: false
        enabled: true
      91:
        x: 91
        y: -91
        blur: 45.5
        spread: 0
        color: '#000000'
        alpha: 0.2
        inset: false
        enabled: true
      92:
        x: 92
        y: -92
        blur: 46
        spread: 0
        color: '#000000'
        alpha: 0.2
        inset: false
        enabled: true
      93:
        x: 93
        y: -93
        blur: 46.5
        spread: 0
        color: '#000000'
        alpha: 0.2
        inset: false
        enabled: true
      94:
        x: 94
        y: -94
        blur: 47
        spread: 0
        color: '#000000'
        alpha: 0.2
        inset: false
        enabled: true
      95:
        x: 95
        y: -95
        blur: 47.5
        spread: 0
        color: '#000000'
        alpha: 0.2
        inset: false
        enabled: true
      96:
        x: 96
        y: -96
        blur: 48
        spread: 0
        color: '#000000'
        alpha: 0.2
        inset: false
        enabled: true
      97:
        x: 97
        y: -97
        blur: 48.5
        spread: 0
        color: '#000000'
        alpha: 0.2
        inset: false
        enabled: true
      98:
        x: 98
        y: -98
        blur: 49
        spread: 0
        color: '#000000'
        alpha: 0.2
        inset: false
        enabled: true
      99:
        x: 99
        y: -99
        blur: 49.5
        spread: 0
        color: '#000000'
        alpha: 0.2
        inset: false
        enabled: true
      100:
        x: 100
        y: -100
        blur: 50
        spread: 0
        color: '#000000'
        alpha: 0.2
        inset: false
        enabled: true
      101:
        x: 101
        y: -101
        blur: 50.5
        spread: 0
        color: '#000000'
        alpha: 0.2
        inset: false
        enabled: true
      102:
        x: 102
        y: -102
        blur: 51
        spread: 0
        color: '#000000'
        alpha: 0.2
        inset: false
        enabled: true
      103:
        x: 103
        y: -103
        blur: 51.5
        spread: 0
        color: '#000000'
        alpha: 0.2
        inset: false
        enabled: true
      104:
        x: 104
        y: -104
        blur: 52
        spread: 0
        color: '#000000'
        alpha: 0.2
        inset: false
        enabled: true
      105:
        x: 105
        y: -105
        blur: 52.5
        spread: 0
        color: '#000000'
        alpha: 0.2
        inset: false
        enabled: true
      106:
        x: 106
        y: -106
        blur: 53
        spread: 0
        color: '#000000'
        alpha: 0.2
        inset: false
        enabled: true
      107:
        x: 107
        y: -107
        blur: 53.5
        spread: 0
        color: '#000000'
        alpha: 0.2
        inset: false
        enabled: true
      108:
        x: 108
        y: -108
        blur: 54
        spread: 0
        color: '#000000'
        alpha: 0.2
        inset: false
        enabled: true
      109:
        x: 109
        y: -109
        blur: 54.5
        spread: 0
        color: '#000000'
        alpha: 0.2
        inset: false
        enabled: true
      110:
        x: 110
        y: -110
        blur: 55
        spread: 0
        color: '#000000'
        alpha: 0.2
        inset: false
        enabled: true
      111:
        x: 111
        y: -111
        blur: 55.5
        spread: 0
        color: '#000000'
        alpha: 0.2
        inset: false
        enabled: true
      112:
        x: 112
        y: -112
        blur: 56
        spread: 0
        color: '#000000'
        alpha: 0.2
        inset: false
        enabled: true
      113:
        x: 113
        y: -113
        blur: 56.5
        spread: 0
        color: '#000000'
        alpha: 0.2
        inset: false
        enabled: true
      114:
        x: 114
        y: -114
        blur: 57
        spread: 0
        color: '#000000'
        alpha: 0.2
        inset: false
        enabled: true
      115:
        x: 115
        y: -115
        blur: 57.5
        spread: 0
        color: '#000000'
        alpha: 0.2
        inset: false
        enabled: true
      116:
        x: 116
        y: -116
        blur: 58
        spread: 0
        color: '#000000'
        alpha: 0.2
        inset: false
        enabled: true
      117:
        x: 117
        y: -117
        blur: 58.5
        spread: 0
        color: '#000000'
        alpha: 0.2
        inset: false
        enabled: true
      118:
        x: 118
        y: -118
        blur: 59
        spread: 0
        color: '#000000'
        alpha: 0.2
        inset: false
        enabled: true
      119:
        x: 119
        y: -119
        blur: 59.5
        spread: 0
        color: '#000000'
        alpha: 0.2
        inset: false
        enabled: true
      120:
        x: 120
        y: -120
        blur: 60
        spread: 0
        color: '#000000'
        alpha: 0.2
        inset: false
        enabled: true
      121:
        x: 121
        y: -121
        blur: 60.5
        spread: 0
        color: '#000000'
        alpha: 0.2
        inset: false
        enabled: true
      122:
        x: 122
        y: -122
        blur: 61
        spread: 0
        color: '#000000'
        alpha: 0.2
        inset: false
        enabled: true
      123:
        x: 123
        y: -123
        blur: 61.5
        spread: 0
        color: '#000000'
        alpha: 0.2
        inset: false
        enabled: true
      124:
        x: 124
        y: -124
        blur: 62
        spread: 0
        color: '#000000'
        alpha: 0.2
        inset: false
        enabled: true
      125:
        x: 125
        y: -125
        blur: 62.5
        spread: 0
        color: '#000000'
        alpha: 0.2
        inset: false
        enabled: true
      126:
        x: 126
        y: -126
        blur: 63
        spread: 0
        color: '#000000'
        alpha: 0.2
        inset: false
        enabled: true
      127:
        x: 127
        y: -127
        blur: 63.5
        spread: 0
        color: '#000000'
        alpha: 0.2
        inset: false
        enabled: true
  actual:
    kind: 'box'
    layers:
      0:
        x: 0
        y: 0
        blur: 0
        spread: 0
        color: '#000000'
        alpha: 0.2
        inset: false
        enabled: true
      1:
        x: 1
        y: -1
        blur: 0.5
        spread: 0
        color: '#000000'
        alpha: 0.2
        inset: false
        enabled: true
      2:
        x: 2
        y: -2
        blur: 1
        spread: 0
        color: '#000000'
        alpha: 0.2
        inset: false
        enabled: true
      3:
        x: 3
        y: -3
        blur: 1.5
        spread: 0
        color: '#000000'
        alpha: 0.2
        inset: false
        enabled: true
      4:
        x: 4
        y: -4
        blur: 2
        spread: 0
        color: '#000000'
        alpha: 0.2
        inset: false
        enabled: true
      5:
        x: 5
        y: -5
        blur: 2.5
        spread: 0
        color: '#000000'
        alpha: 0.2
        inset: false
        enabled: true
      6:
        x: 6
        y: -6
        blur: 3
        spread: 0
        color: '#000000'
        alpha: 0.2
        inset: false
        enabled: true
      7:
        x: 7
        y: -7
        blur: 3.5
        spread: 0
        color: '#000000'
        alpha: 0.2
        inset: false
        enabled: true
      8:
        x: 8
        y: -8
        blur: 4
        spread: 0
        color: '#000000'
        alpha: 0.2
        inset: false
        enabled: true
      9:
        x: 9
        y: -9
        blur: 4.5
        spread: 0
        color: '#000000'
        alpha: 0.2
        inset: false
        enabled: true
      10:
        x: 10
        y: -10
        blur: 5
        spread: 0
        color: '#000000'
        alpha: 0.2
        inset: false
        enabled: true
      11:
        x: 11
        y: -11
        blur: 5.5
        spread: 0
        color: '#000000'
        alpha: 0.2
        inset: false
        enabled: true
      12:
        x: 12
        y: -12
        blur: 6
        spread: 0
        color: '#000000'
        alpha: 0.2
        inset: false
        enabled: true
      13:
        x: 13
        y: -13
        blur: 6.5
        spread: 0
        color: '#000000'
        alpha: 0.2
        inset: false
        enabled: true
      14:
        x: 14
        y: -14
        blur: 7
        spread: 0
        color: '#000000'
        alpha: 0.2
        inset: false
        enabled: true
      15:
        x: 15
        y: -15
        blur: 7.5
        spread: 0
        color: '#000000'
        alpha: 0.2
        inset: false
        enabled: true
      16:
        x: 16
        y: -16
        blur: 8
        spread: 0
        color: '#000000'
        alpha: 0.2
        inset: false
        enabled: true
      17:
        x: 17
        y: -17
        blur: 8.5
        spread: 0
        color: '#000000'
        alpha: 0.2
        inset: false
        enabled: true
      18:
        x: 18
        y: -18
        blur: 9
        spread: 0
        color: '#000000'
        alpha: 0.2
        inset: false
        enabled: true
      19:
        x: 19
        y: -19
        blur: 9.5
        spread: 0
        color: '#000000'
        alpha: 0.2
        inset: false
        enabled: true
      20:
        x: 20
        y: -20
        blur: 10
        spread: 0
        color: '#000000'
        alpha: 0.2
        inset: false
        enabled: true
      21:
        x: 21
        y: -21
        blur: 10.5
        spread: 0
        color: '#000000'
        alpha: 0.2
        inset: false
        enabled: true
      22:
        x: 22
        y: -22
        blur: 11
        spread: 0
        color: '#000000'
        alpha: 0.2
        inset: false
        enabled: true
      23:
        x: 23
        y: -23
        blur: 11.5
        spread: 0
        color: '#000000'
        alpha: 0.2
        inset: false
        enabled: true
      24:
        x: 24
        y: -24
        blur: 12
        spread: 0
        color: '#000000'
        alpha: 0.2
        inset: false
        enabled: true
      25:
        x: 25
        y: -25
        blur: 12.5
        spread: 0
        color: '#000000'
        alpha: 0.2
        inset: false
        enabled: true
      26:
        x: 26
        y: -26
        blur: 13
        spread: 0
        color: '#000000'
        alpha: 0.2
        inset: false
        enabled: true
      27:
        x: 27
        y: -27
        blur: 13.5
        spread: 0
        color: '#000000'
        alpha: 0.2
        inset: false
        enabled: true
      28:
        x: 28
        y: -28
        blur: 14
        spread: 0
        color: '#000000'
        alpha: 0.2
        inset: false
        enabled: true
      29:
        x: 29
        y: -29
        blur: 14.5
        spread: 0
        color: '#000000'
        alpha: 0.2
        inset: false
        enabled: true
      30:
        x: 30
        y: -30
        blur: 15
        spread: 0
        color: '#000000'
        alpha: 0.2
        inset: false
        enabled: true
      31:
        x: 31
        y: -31
        blur: 15.5
        spread: 0
        color: '#000000'
        alpha: 0.2
        inset: false
        enabled: true
      32:
        x: 32
        y: -32
        blur: 16
        spread: 0
        color: '#000000'
        alpha: 0.2
        inset: false
        enabled: true
      33:
        x: 33
        y: -33
        blur: 16.5
        spread: 0
        color: '#000000'
        alpha: 0.2
        inset: false
        enabled: true
      34:
        x: 34
        y: -34
        blur: 17
        spread: 0
        color: '#000000'
        alpha: 0.2
        inset: false
        enabled: true
      35:
        x: 35
        y: -35
        blur: 17.5
        spread: 0
        color: '#000000'
        alpha: 0.2
        inset: false
        enabled: true
      36:
        x: 36
        y: -36
        blur: 18
        spread: 0
        color: '#000000'
        alpha: 0.2
        inset: false
        enabled: true
      37:
        x: 37
        y: -37
        blur: 18.5
        spread: 0
        color: '#000000'
        alpha: 0.2
        inset: false
        enabled: true
      38:
        x: 38
        y: -38
        blur: 19
        spread: 0
        color: '#000000'
        alpha: 0.2
        inset: false
        enabled: true
      39:
        x: 39
        y: -39
        blur: 19.5
        spread: 0
        color: '#000000'
        alpha: 0.2
        inset: false
        enabled: true
      40:
        x: 40
        y: -40
        blur: 20
        spread: 0
        color: '#000000'
        alpha: 0.2
        inset: false
        enabled: true
      41:
        x: 41
        y: -41
        blur: 20.5
        spread: 0
        color: '#000000'
        alpha: 0.2
        inset: false
        enabled: true
      42:
        x: 42
        y: -42
        blur: 21
        spread: 0
        color: '#000000'
        alpha: 0.2
        inset: false
        enabled: true
      43:
        x: 43
        y: -43
        blur: 21.5
        spread: 0
        color: '#000000'
        alpha: 0.2
        inset: false
        enabled: true
      44:
        x: 44
        y: -44
        blur: 22
        spread: 0
        color: '#000000'
        alpha: 0.2
        inset: false
        enabled: true
      45:
        x: 45
        y: -45
        blur: 22.5
        spread: 0
        color: '#000000'
        alpha: 0.2
        inset: false
        enabled: true
      46:
        x: 46
        y: -46
        blur: 23
        spread: 0
        color: '#000000'
        alpha: 0.2
        inset: false
        enabled: true
      47:
        x: 47
        y: -47
        blur: 23.5
        spread: 0
        color: '#000000'
        alpha: 0.2
        inset: false
        enabled: true
      48:
        x: 48
        y: -48
        blur: 24
        spread: 0
        color: '#000000'
        alpha: 0.2
        inset: false
        enabled: true
      49:
        x: 49
        y: -49
        blur: 24.5
        spread: 0
        color: '#000000'
        alpha: 0.2
        inset: false
        enabled: true
      50:
        x: 50
        y: -50
        blur: 25
        spread: 0
        color: '#000000'
        alpha: 0.2
        inset: false
        enabled: true
      51:
        x: 51
        y: -51
        blur: 25.5
        spread: 0
        color: '#000000'
        alpha: 0.2
        inset: false
        enabled: true
      52:
        x: 52
        y: -52
        blur: 26
        spread: 0
        color: '#000000'
        alpha: 0.2
        inset: false
        enabled: true
      53:
        x: 53
        y: -53
        blur: 26.5
        spread: 0
        color: '#000000'
        alpha: 0.2
        inset: false
        enabled: true
      54:
        x: 54
        y: -54
        blur: 27
        spread: 0
        color: '#000000'
        alpha: 0.2
        inset: false
        enabled: true
      55:
        x: 55
        y: -55
        blur: 27.5
        spread: 0
        color: '#000000'
        alpha: 0.2
        inset: false
        enabled: true
      56:
        x: 56
        y: -56
        blur: 28
        spread: 0
        color: '#000000'
        alpha: 0.2
        inset: false
        enabled: true
      57:
        x: 57
        y: -57
        blur: 28.5
        spread: 0
        color: '#000000'
        alpha: 0.2
        inset: false
        enabled: true
      58:
        x: 58
        y: -58
        blur: 29
        spread: 0
        color: '#000000'
        alpha: 0.2
        inset: false
        enabled: true
      59:
        x: 59
        y: -59
        blur: 29.5
        spread: 0
        color: '#000000'
        alpha: 0.2
        inset: false
        enabled: true
      60:
        x: 60
        y: -60
        blur: 30
        spread: 0
        color: '#000000'
        alpha: 0.2
        inset: false
        enabled: true
      61:
        x: 61
        y: -61
        blur: 30.5
        spread: 0
        color: '#000000'
        alpha: 0.2
        inset: false
        enabled: true
      62:
        x: 62
        y: -62
        blur: 31
        spread: 0
        color: '#000000'
        alpha: 0.2
        inset: false
        enabled: true
      63:
        x: 63
        y: -63
        blur: 31.5
        spread: 0
        color: '#000000'
        alpha: 0.2
        inset: false
        enabled: true
      64:
        x: 64
        y: -64
        blur: 32
        spread: 0
        color: '#000000'
        alpha: 0.2
        inset: false
        enabled: true
      65:
        x: 65
        y: -65
        blur: 32.5
        spread: 0
        color: '#000000'
        alpha: 0.2
        inset: false
        enabled: true
      66:
        x: 66
        y: -66
        blur: 33
        spread: 0
        color: '#000000'
        alpha: 0.2
        inset: false
        enabled: true
      67:
        x: 67
        y: -67
        blur: 33.5
        spread: 0
        color: '#000000'
        alpha: 0.2
        inset: false
        enabled: true
      68:
        x: 68
        y: -68
        blur: 34
        spread: 0
        color: '#000000'
        alpha: 0.2
        inset: false
        enabled: true
      69:
        x: 69
        y: -69
        blur: 34.5
        spread: 0
        color: '#000000'
        alpha: 0.2
        inset: false
        enabled: true
      70:
        x: 70
        y: -70
        blur: 35
        spread: 0
        color: '#000000'
        alpha: 0.2
        inset: false
        enabled: true
      71:
        x: 71
        y: -71
        blur: 35.5
        spread: 0
        color: '#000000'
        alpha: 0.2
        inset: false
        enabled: true
      72:
        x: 72
        y: -72
        blur: 36
        spread: 0
        color: '#000000'
        alpha: 0.2
        inset: false
        enabled: true
      73:
        x: 73
        y: -73
        blur: 36.5
        spread: 0
        color: '#000000'
        alpha: 0.2
        inset: false
        enabled: true
      74:
        x: 74
        y: -74
        blur: 37
        spread: 0
        color: '#000000'
        alpha: 0.2
        inset: false
        enabled: true
      75:
        x: 75
        y: -75
        blur: 37.5
        spread: 0
        color: '#000000'
        alpha: 0.2
        inset: false
        enabled: true
      76:
        x: 76
        y: -76
        blur: 38
        spread: 0
        color: '#000000'
        alpha: 0.2
        inset: false
        enabled: true
      77:
        x: 77
        y: -77
        blur: 38.5
        spread: 0
        color: '#000000'
        alpha: 0.2
        inset: false
        enabled: true
      78:
        x: 78
        y: -78
        blur: 39
        spread: 0
        color: '#000000'
        alpha: 0.2
        inset: false
        enabled: true
      79:
        x: 79
        y: -79
        blur: 39.5
        spread: 0
        color: '#000000'
        alpha: 0.2
        inset: false
        enabled: true
      80:
        x: 80
        y: -80
        blur: 40
        spread: 0
        color: '#000000'
        alpha: 0.2
        inset: false
        enabled: true
      81:
        x: 81
        y: -81
        blur: 40.5
        spread: 0
        color: '#000000'
        alpha: 0.2
        inset: false
        enabled: true
      82:
        x: 82
        y: -82
        blur: 41
        spread: 0
        color: '#000000'
        alpha: 0.2
        inset: false
        enabled: true
      83:
        x: 83
        y: -83
        blur: 41.5
        spread: 0
        color: '#000000'
        alpha: 0.2
        inset: false
        enabled: true
      84:
        x: 84
        y: -84
        blur: 42
        spread: 0
        color: '#000000'
        alpha: 0.2
        inset: false
        enabled: true
      85:
        x: 85
        y: -85
        blur: 42.5
        spread: 0
        color: '#000000'
        alpha: 0.2
        inset: false
        enabled: true
      86:
        x: 86
        y: -86
        blur: 43
        spread: 0
        color: '#000000'
        alpha: 0.2
        inset: false
        enabled: true
      87:
        x: 87
        y: -87
        blur: 43.5
        spread: 0
        color: '#000000'
        alpha: 0.2
        inset: false
        enabled: true
      88:
        x: 88
        y: -88
        blur: 44
        spread: 0
        color: '#000000'
        alpha: 0.2
        inset: false
        enabled: true
      89:
        x: 89
        y: -89
        blur: 44.5
        spread: 0
        color: '#000000'
        alpha: 0.2
        inset: false
        enabled: true
      90:
        x: 90
        y: -90
        blur: 45
        spread: 0
        color: '#000000'
        alpha: 0.2
        inset: false
        enabled: true
      91:
        x: 91
        y: -91
        blur: 45.5
        spread: 0
        color: '#000000'
        alpha: 0.2
        inset: false
        enabled: true
      92:
        x: 92
        y: -92
        blur: 46
        spread: 0
        color: '#000000'
        alpha: 0.2
        inset: false
        enabled: true
      93:
        x: 93
        y: -93
        blur: 46.5
        spread: 0
        color: '#000000'
        alpha: 0.2
        inset: false
        enabled: true
      94:
        x: 94
        y: -94
        blur: 47
        spread: 0
        color: '#000000'
        alpha: 0.2
        inset: false
        enabled: true
      95:
        x: 95
        y: -95
        blur: 47.5
        spread: 0
        color: '#000000'
        alpha: 0.2
        inset: false
        enabled: true
      96:
        x: 96
        y: -96
        blur: 48
        spread: 0
        color: '#000000'
        alpha: 0.2
        inset: false
        enabled: true
      97:
        x: 97
        y: -97
        blur: 48.5
        spread: 0
        color: '#000000'
        alpha: 0.2
        inset: false
        enabled: true
      98:
        x: 98
        y: -98
        blur: 49
        spread: 0
        color: '#000000'
        alpha: 0.2
        inset: false
        enabled: true
      99:
        x: 99
        y: -99
        blur: 49.5
        spread: 0
        color: '#000000'
        alpha: 0.2
        inset: false
        enabled: true
      100:
        x: 100
        y: -100
        blur: 50
        spread: 0
        color: '#000000'
        alpha: 0.2
        inset: false
        enabled: true
      101:
        x: 101
        y: -101
        blur: 50.5
        spread: 0
        color: '#000000'
        alpha: 0.2
        inset: false
        enabled: true
      102:
        x: 102
        y: -102
        blur: 51
        spread: 0
        color: '#000000'
        alpha: 0.2
        inset: false
        enabled: true
      103:
        x: 103
        y: -103
        blur: 51.5
        spread: 0
        color: '#000000'
        alpha: 0.2
        inset: false
        enabled: true
      104:
        x: 104
        y: -104
        blur: 52
        spread: 0
        color: '#000000'
        alpha: 0.2
        inset: false
        enabled: true
      105:
        x: 105
        y: -105
        blur: 52.5
        spread: 0
        color: '#000000'
        alpha: 0.2
        inset: false
        enabled: true
      106:
        x: 106
        y: -106
        blur: 53
        spread: 0
        color: '#000000'
        alpha: 0.2
        inset: false
        enabled: true
      107:
        x: 107
        y: -107
        blur: 53.5
        spread: 0
        color: '#000000'
        alpha: 0.2
        inset: false
        enabled: true
      108:
        x: 108
        y: -108
        blur: 54
        spread: 0
        color: '#000000'
        alpha: 0.2
        inset: false
        enabled: true
      109:
        x: 109
        y: -109
        blur: 54.5
        spread: 0
        color: '#000000'
        alpha: 0.2
        inset: false
        enabled: true
      110:
        x: 110
        y: -110
        blur: 55
        spread: 0
        color: '#000000'
        alpha: 0.2
        inset: false
        enabled: true
      111:
        x: 111
        y: -111
        blur: 55.5
        spread: 0
        color: '#000000'
        alpha: 0.2
        inset: false
        enabled: true
      112:
        x: 112
        y: -112
        blur: 56
        spread: 0
        color: '#000000'
        alpha: 0.2
        inset: false
        enabled: true
      113:
        x: 113
        y: -113
        blur: 56.5
        spread: 0
        color: '#000000'
        alpha: 0.2
        inset: false
        enabled: true
      114:
        x: 114
        y: -114
        blur: 57
        spread: 0
        color: '#000000'
        alpha: 0.2
        inset: false
        enabled: true
      115:
        x: 115
        y: -115
        blur: 57.5
        spread: 0
        color: '#000000'
        alpha: 0.2
        inset: false
        enabled: true
      116:
        x: 116
        y: -116
        blur: 58
        spread: 0
        color: '#000000'
        alpha: 0.2
        inset: false
        enabled: true
      117:
        x: 117
        y: -117
        blur: 58.5
        spread: 0
        color: '#000000'
        alpha: 0.2
        inset: false
        enabled: true
      118:
        x: 118
        y: -118
        blur: 59
        spread: 0
        color: '#000000'
        alpha: 0.2
        inset: false
        enabled: true
      119:
        x: 119
        y: -119
        blur: 59.5
        spread: 0
        color: '#000000'
        alpha: 0.2
        inset: false
        enabled: true
      120:
        x: 120
        y: -120
        blur: 60
        spread: 0
        color: '#000000'
        alpha: 0.2
        inset: false
        enabled: true
      121:
        x: 121
        y: -121
        blur: 60.5
        spread: 0
        color: '#000000'
        alpha: 0.2
        inset: false
        enabled: true
      122:
        x: 122
        y: -122
        blur: 61
        spread: 0
        color: '#000000'
        alpha: 0.2
        inset: false
        enabled: true
      123:
        x: 123
        y: -123
        blur: 61.5
        spread: 0
        color: '#000000'
        alpha: 0.2
        inset: false
        enabled: true
      124:
        x: 124
        y: -124
        blur: 62
        spread: 0
        color: '#000000'
        alpha: 0.2
        inset: false
        enabled: true
      125:
        x: 125
        y: -125
        blur: 62.5
        spread: 0
        color: '#000000'
        alpha: 0.2
        inset: false
        enabled: true
      126:
        x: 126
        y: -126
        blur: 63
        spread: 0
        color: '#000000'
        alpha: 0.2
        inset: false
        enabled: true
      127:
        x: 127
        y: -127
        blur: 63.5
        spread: 0
        color: '#000000'
        alpha: 0.2
        inset: false
        enabled: true
  operator: 'deepStrictEqual'
  stack: |-
    TestContext.<anonymous> (file:///home/runner/work/pfx-shadow-studio/pfx-shadow-studio/test/boundary.test.js:15:10)
    Test.runInAsyncScope (node:async_hooks:214:14)
    Test.run (node:internal/test_runner/test:1047:25)
    Test.processPendingSubtests (node:internal/test_runner/test:744:18)
    Test.postRun (node:internal/test_runner/test:1173:19)
    Test.run (node:internal/test_runner/test:1101:12)
    async startSubtestAfterBootstrap (node:internal/test_runner/harness:296:3)
  ...
# Subtest: creates distinct immutable elevation levels
ok 3 - creates distinct immutable elevation levels
  ---
  duration_ms: 1.79435
  type: 'test'
  ...
# Subtest: offset and blur increase as elevation increases
ok 4 - offset and blur increase as elevation increases
  ---
  duration_ms: 0.258648
  type: 'test'
  ...
# Subtest: generates deterministic editable palette
ok 5 - generates deterministic editable palette
  ---
  duration_ms: 0.728883
  type: 'test'
  ...
# Subtest: rejects invalid elevation options
ok 6 - rejects invalid elevation options
  ---
  duration_ms: 0.319189
  type: 'test'
  ...
# Subtest: box: serializer round-trip preserves supported values
ok 7 - box: serializer round-trip preserves supported values
  ---
  duration_ms: 3.629101
  type: 'test'
  ...
# Subtest: text: serializer round-trip preserves supported values
ok 8 - text: serializer round-trip preserves supported values
  ---
  duration_ms: 2.98161
  type: 'test'
  ...
# Subtest: drop: serializer round-trip preserves supported values
ok 9 - drop: serializer round-trip preserves supported values
  ---
  duration_ms: 0.398517
  type: 'test'
  ...
# Subtest: parses CSS none
ok 10 - parses CSS none
  ---
  duration_ms: 0.142954
  type: 'test'
  ...
# Subtest: rejects unsupported expressions without corrupting input
ok 11 - rejects unsupported expressions without corrupting input
  ---
  duration_ms: 0.408182
  type: 'test'
  ...
# Subtest: undo/redo maintains independent immutable states
ok 12 - undo/redo maintains independent immutable states
  ---
  duration_ms: 0.231257
  type: 'test'
  ...
# Subtest: history remains bounded
ok 13 - history remains bounded
  ---
  duration_ms: 0.139209
  type: 'test'
  ...
# Subtest: default layer is immutable and valid
ok 14 - default layer is immutable and valid
  ---
  duration_ms: 0.609714
  type: 'test'
  ...
# Subtest: rejects invalid values and unsupported combinations
ok 15 - rejects invalid values and unsupported combinations
  ---
  duration_ms: 0.419158
  type: 'test'
  ...
# Subtest: layers are updated without mutating prior state
ok 16 - layers are updated without mutating prior state
  ---
  duration_ms: 0.747481
  type: 'test'
  ...
# Subtest: add, reorder and remove layers
ok 17 - add, reorder and remove layers
  ---
  duration_ms: 0.663444
  type: 'test'
  ...
# Subtest: serializes box shadow and skips disabled layers
ok 18 - serializes box shadow and skips disabled layers
  ---
  duration_ms: 0.285718
  type: 'test'
  ...
# Subtest: serializes text and drop shadows using correct syntax
ok 19 - serializes text and drop shadows using correct syntax
  ---
  duration_ms: 0.161052
  type: 'test'
  ...
# Subtest: limits layer count
ok 20 - limits layer count
  ---
  duration_ms: 0.242383
  type: 'test'
  ...
1..20
# tests 20
# suites 0
# pass 19
# fail 1
# cancelled 0
# skipped 0
# todo 0
# duration_ms 98.45912
